2026-02-22 17:19:25 [INFO] DijkstraRouter: Connecting to OSM servers for Tanger, Morocco …
2026-02-22 17:19:51 [INFO] DijkstraRouter: Graph loaded: 16356 nodes, 44860 edges.
2026-02-22 17:19:51 [INFO] DijkstraRouter: Validating graph …
2026-02-22 17:19:52 [INFO] DijkstraRouter: Graph OK – 16356 nodes, 44860 edges.
2026-02-22 17:20:33 [INFO] DijkstraRouter: JSON saved: .\resultat_1771777233.json
2026-02-22 17:20:33 [INFO] DijkstraRouter: CSV saved: .\resultat_1771777233.csv
2026-02-22 17:20:48 [INFO] DijkstraRouter: Generating static PNG map …
2026-02-22 17:20:54 [INFO] DijkstraRouter: PNG saved: .\rapport_trajet_1771777252.png
2026-02-22 17:27:17 [INFO] DijkstraRouter: Generating analysis charts …
2026-02-22 17:28:33 [INFO] DijkstraRouter: JSON saved: .\resultat_1771777713.json
2026-02-22 17:28:33 [INFO] DijkstraRouter: CSV saved: .\resultat_1771777713.csv
2026-02-22 17:28:39 [INFO] DijkstraRouter: Interactive map saved: .\web_carte_1771777719.html
2026-02-22 17:35:28 [INFO] DijkstraRouter: JSON saved: .\resultat_1771778128.json
2026-02-22 17:35:28 [INFO] DijkstraRouter: CSV saved: .\resultat_1771778128.csv
2026-02-22 17:38:24 [INFO] DijkstraRouter: Connecting to OSM servers for Tanger, Morocco …
2026-02-22 17:38:50 [INFO] DijkstraRouter: Graph loaded: 16356 nodes, 44860 edges.
2026-02-22 17:38:50 [INFO] DijkstraRouter: Validating graph …
2026-02-22 17:38:51 [INFO] DijkstraRouter: Graph OK – 16356 nodes, 44860 edges.
2026-02-22 17:39:09 [INFO] DijkstraRouter: Generating analysis charts …
2026-02-22 17:39:36 [INFO] DijkstraRouter: JSON saved: .\resultat_1771778376.json
2026-02-22 17:39:36 [INFO] DijkstraRouter: CSV saved: .\resultat_1771778376.csv
2026-02-22 17:40:17 [INFO] DijkstraRouter: Generating static PNG map …
2026-02-22 17:40:22 [INFO] DijkstraRouter: PNG saved: .\rapport_trajet_1771778420.png
2026-02-22 17:55:36 [INFO] DijkstraRouter: JSON saved: .\resultat_1771779336.json
2026-02-22 17:55:36 [INFO] DijkstraRouter: CSV saved: .\resultat_1771779336.csv
2026-02-22 17:55:39 [INFO] DijkstraRouter: JSON saved: .\resultat_1771779339.json
2026-02-22 17:55:39 [INFO] DijkstraRouter: CSV saved: .\resultat_1771779339.csv
2026-02-22 18:09:30 [INFO] DijkstraRouter: Connecting to OSM servers for Tanger, Morocco …
2026-02-22 18:10:02 [INFO] DijkstraRouter: Graph loaded: 16356 nodes, 44860 edges.
2026-02-22 18:11:16 [INFO] DijkstraRouter: Connecting to OSM servers for Tanger, Morocco …
2026-02-22 18:11:47 [INFO] DijkstraRouter: Graph loaded: 16356 nodes, 44860 edges.
